  console.log
    Using Mock Redis for testing

      at Object.log (src/config/redis.js:10:13)

